// Jest Snapshot v1, https://goo.gl/fbAQLP

exports[`basic export 1`] = `
Array [
  "AQAEAAB7Im1ldGEiOsSAZXhwb3J0ZXJOYcSCxIYixI5zdCIsIsSJxIvEjcSPVsSPc2lvbsSUMC7EpzAifcSaYWNjb3VudHPEhlvEgGlkxJRtb2NrOjE6xJzEjHRfxKrEmm7EkmXElFBjYlVzajlhNW1ucG42d1Q2SW5TRA==",
  "AQAEAAE5xKXEmmN1cnJlbmN5ScS6OiJ6Y2FzaMSZImluZMSJxIYxxJpiYWxhxarFi8WvMTc5NzI1NzQ4OMSrLMS4xa7EgcS9xL/FgcWDxI1fMcW2xYnEk8WvcnY2UmpmbENDxo/FpMWmxajFqsWsxpPFsW/FuMW2xbjFunjFvMW+xoDGgmPGhCIzODbGizI0",
  "AQAEAAIyxpDGksS7xpXFgMWCxIrFhF/HhMWIxYrElGY5bXgzcHczSUHFpVA3b3ZTUGFvNkVRxbbFpcWnxanFq8WtxJR6x6vFs8W1xJrGtMW7xYDGuMaBxoPElDgwNjLGjDE2xKtdxJpzxIN0xbhnxLXEhyLHqcasY2llc1PIhsiIyIrEgGJpdMSwxrLIi8SJY2jGgmfGvEtS",
  "AQAEAANBS0VOxKt9yKs=",
]
`;
