// Jest Snapshot v1, https://goo.gl/fbAQLP

exports[`basic export 1`] = `
Array [
  "AQAEAAB7Im1ldGEiOsSAZXhwb3J0ZXJOYcSCxIYixI5zdCIsIsSJxIvEjcSPVsSPc2lvbsSUMC7EpzAifcSaYWNjb3VudHPEhlvEgGlkxJRtb2NrX8SuxLDEsnRfxJzEjMWExKrEmm7EkmXElFBjYlVzajlhNW1ucG42d1Q2SW5TRA==",
  "AQAEAAE5xKXEmmN1cnJlbmN5ScS6OiJ6Y2FzaMSZImluZMSJxIYxxJpiYWxhxazFjcWxMTc5NzI1NzQ4OMSrLMS4xbDEgcS9xL/FgcSxxLPFhcSKxYdfMcW4xYvEk8WxcnY2UmpmbENDxpHFpsWoxarFrMWuxpXFs2/FusW4xbrFvHjFvsaAxoLGhGPGhiIzODbGjTI=",
  "AQAEAAI0MsaSxpTEu8aXxYDEr8aaxYTFhsSNX8eJxYrFjMSUZjlteDNwdzNJQcWnUDdvdlNQYW82RVHFuMWnxanFq8Wtxa/ElHrHssW1xbfEmsa5xb06xb8ixoHGg8aFxJQ4MDYyxo4xNsSrXcSac8SDdMW6Z8S1xIcix7DGsWNpZXNTyI/IkciTxIBiaXTEsMa3yJTEiWNoxoRn",
  "AQAEAAPHgUtSQUtFTsSrfci0",
]
`;
