// Jest Snapshot v1, https://goo.gl/fbAQLP

exports[`filecoin currency bridge scanAccounts filecoin seed 1 1`] = `
Array [
  Object {
    "balance": "77382300818144",
    "currencyId": "filecoin",
    "derivationMode": "glif",
    "freshAddress": "f1zx43cf6qb6rd5e4okl7lexnjumxe5toqj6vtr3i",
    "freshAddressPath": "44'/461'/0'/0/0",
    "freshAddresses": Array [
      Object {
        "address": "f1zx43cf6qb6rd5e4okl7lexnjumxe5toqj6vtr3i",
        "derivationPath": "44'/461'/0'/0/0",
      },
    ],
    "id": "js:2:filecoin:f1zx43cf6qb6rd5e4okl7lexnjumxe5toqj6vtr3i:glif",
    "index": 0,
    "name": "Filecoin 1",
    "nfts": undefined,
    "operationsCount": 2,
    "pendingOperations": Array [],
    "seedIdentifier": "041e10b3a453db1e7324cd37e78820d7d150c13ba3bf784be204c91afe495816a19a836e85cb89b0e4ff36d06a71a9ca02947de79e16e66dacc645e46dcdf7d909",
    "spendableBalance": "77382300818144",
    "starred": false,
    "swapHistory": Array [],
    "syncHash": undefined,
    "unitMagnitude": 18,
    "used": true,
  },
  Object {
    "balance": "199793573184043720",
    "currencyId": "filecoin",
    "derivationMode": "glif",
    "freshAddress": "f1qab73gdurhmikxy7isdnqxnsdfexxm2gom47opi",
    "freshAddressPath": "44'/461'/0'/0/1",
    "freshAddresses": Array [
      Object {
        "address": "f1qab73gdurhmikxy7isdnqxnsdfexxm2gom47opi",
        "derivationPath": "44'/461'/0'/0/1",
      },
    ],
    "id": "js:2:filecoin:f1qab73gdurhmikxy7isdnqxnsdfexxm2gom47opi:glif",
    "index": 1,
    "name": "Filecoin 2",
    "nfts": undefined,
    "operationsCount": 11,
    "pendingOperations": Array [],
    "seedIdentifier": "041e10b3a453db1e7324cd37e78820d7d150c13ba3bf784be204c91afe495816a19a836e85cb89b0e4ff36d06a71a9ca02947de79e16e66dacc645e46dcdf7d909",
    "spendableBalance": "199793573184043720",
    "starred": false,
    "swapHistory": Array [],
    "syncHash": undefined,
    "unitMagnitude": 18,
    "used": true,
  },
  Object {
    "balance": "77382300818144",
    "currencyId": "filecoin",
    "derivationMode": "",
    "freshAddress": "f1zx43cf6qb6rd5e4okl7lexnjumxe5toqj6vtr3i",
    "freshAddressPath": "44'/461'/0'/0/0",
    "freshAddresses": Array [
      Object {
        "address": "f1zx43cf6qb6rd5e4okl7lexnjumxe5toqj6vtr3i",
        "derivationPath": "44'/461'/0'/0/0",
      },
    ],
    "id": "js:2:filecoin:f1zx43cf6qb6rd5e4okl7lexnjumxe5toqj6vtr3i:",
    "index": 0,
    "name": "Filecoin 1",
    "nfts": undefined,
    "operationsCount": 2,
    "pendingOperations": Array [],
    "seedIdentifier": "041e10b3a453db1e7324cd37e78820d7d150c13ba3bf784be204c91afe495816a19a836e85cb89b0e4ff36d06a71a9ca02947de79e16e66dacc645e46dcdf7d909",
    "spendableBalance": "77382300818144",
    "starred": false,
    "swapHistory": Array [],
    "syncHash": undefined,
    "unitMagnitude": 18,
    "used": true,
  },
  Object {
    "balance": "0",
    "currencyId": "filecoin",
    "derivationMode": "",
    "freshAddress": "f1wpbijm5jliu6ai5inpfwdbhoxsxw5vfegsd6lyq",
    "freshAddressPath": "44'/461'/1'/0/0",
    "freshAddresses": Array [
      Object {
        "address": "f1wpbijm5jliu6ai5inpfwdbhoxsxw5vfegsd6lyq",
        "derivationPath": "44'/461'/1'/0/0",
      },
    ],
    "id": "js:2:filecoin:f1wpbijm5jliu6ai5inpfwdbhoxsxw5vfegsd6lyq:",
    "index": 1,
    "name": "Filecoin 2",
    "nfts": undefined,
    "operationsCount": 0,
    "pendingOperations": Array [],
    "seedIdentifier": "041e10b3a453db1e7324cd37e78820d7d150c13ba3bf784be204c91afe495816a19a836e85cb89b0e4ff36d06a71a9ca02947de79e16e66dacc645e46dcdf7d909",
    "spendableBalance": "0",
    "starred": false,
    "swapHistory": Array [],
    "syncHash": undefined,
    "unitMagnitude": 18,
    "used": false,
  },
]
`;

exports[`filecoin currency bridge scanAccounts filecoin seed 1 2`] = `
Array [
  Array [
    Object {
      "accountId": "js:2:filecoin:f1zx43cf6qb6rd5e4okl7lexnjumxe5toqj6vtr3i:glif",
      "blockHash": null,
      "blockHeight": 1793607,
      "contract": undefined,
      "extra": Object {},
      "fee": "0.000133540506025631",
      "hash": "bafy2bzaceaxj3n7h47oy3atmhpbc7x6o7uhcq7od2xg6yp2q2uu6fx46gzyo6",
      "id": "js:2:filecoin:f1zx43cf6qb6rd5e4okl7lexnjumxe5toqj6vtr3i:glif-bafy2bzaceaxj3n7h47oy3atmhpbc7x6o7uhcq7od2xg6yp2q2uu6fx46gzyo6-OUT",
      "operator": undefined,
      "recipients": Array [
        "f1qab73gdurhmikxy7isdnqxnsdfexxm2gom47opi",
      ],
      "senders": Array [
        "f1zx43cf6qb6rd5e4okl7lexnjumxe5toqj6vtr3i",
      ],
      "standard": undefined,
      "tokenId": undefined,
      "type": "OUT",
      "value": "199789077193156220.000133540506025631",
    },
    Object {
      "accountId": "js:2:filecoin:f1zx43cf6qb6rd5e4okl7lexnjumxe5toqj6vtr3i:glif",
      "blockHash": null,
      "blockHeight": 1793302,
      "contract": undefined,
      "extra": Object {},
      "fee": "0",
      "hash": "bafy2bzacebt3jwtuwxz3tiuxmfsv43bgojmebjzwxldr2szbkxl2dm3erpdly",
      "id": "js:2:filecoin:f1zx43cf6qb6rd5e4okl7lexnjumxe5toqj6vtr3i:glif-bafy2bzacebt3jwtuwxz3tiuxmfsv43bgojmebjzwxldr2szbkxl2dm3erpdly-IN",
      "operator": undefined,
      "recipients": Array [
        "f1zx43cf6qb6rd5e4okl7lexnjumxe5toqj6vtr3i",
      ],
      "senders": Array [
        "f1ov6d42tujoyexkbdh34oik2vhe5unqo2a5ocqoq",
      ],
      "standard": undefined,
      "tokenId": undefined,
      "type": "IN",
      "value": "200000000000000000",
    },
  ],
  Array [
    Object {
      "accountId": "js:2:filecoin:f1qab73gdurhmikxy7isdnqxnsdfexxm2gom47opi:glif",
      "blockHash": null,
      "blockHeight": 148333,
      "contract": undefined,
      "extra": Object {},
      "fee": "0.00000271066929951",
      "hash": "bafy2bzaceaewf2lp3jrofozh7y4g2zp7kfu4nkoygz2dwaywv3mcshfa2uiam",
      "id": "js:2:filecoin:f1qab73gdurhmikxy7isdnqxnsdfexxm2gom47opi:glif-bafy2bzaceaewf2lp3jrofozh7y4g2zp7kfu4nkoygz2dwaywv3mcshfa2uiam-OUT",
      "operator": undefined,
      "recipients": Array [
        "f1qkpajg7rwfhywt4qxofpyjdvq6voeiqt3sgqtgi",
      ],
      "senders": Array [
        "f1qab73gdurhmikxy7isdnqxnsdfexxm2gom47opi",
      ],
      "standard": undefined,
      "tokenId": undefined,
      "type": "OUT",
      "value": "10000000000000000.00000271066929951",
    },
    Object {
      "accountId": "js:2:filecoin:f1qab73gdurhmikxy7isdnqxnsdfexxm2gom47opi:glif",
      "blockHash": null,
      "blockHeight": 151121,
      "contract": undefined,
      "extra": Object {},
      "fee": "8.2670513485e-8",
      "hash": "bafy2bzaceakoclzqmvnmzjps3n3yy3uy5mwtm2asafbahsugpq7adhadqlcsm",
      "id": "js:2:filecoin:f1qab73gdurhmikxy7isdnqxnsdfexxm2gom47opi:glif-bafy2bzaceakoclzqmvnmzjps3n3yy3uy5mwtm2asafbahsugpq7adhadqlcsm-OUT",
      "operator": undefined,
      "recipients": Array [
        "f1rn6pnc6f36x3l5ym3d6m2j7pzykwchimqir35qi",
      ],
      "senders": Array [
        "f1qab73gdurhmikxy7isdnqxnsdfexxm2gom47opi",
      ],
      "standard": undefined,
      "tokenId": undefined,
      "type": "OUT",
      "value": "289990000000000000.000000082670513485",
    },
    Object {
      "accountId": "js:2:filecoin:f1qab73gdurhmikxy7isdnqxnsdfexxm2gom47opi:glif",
      "blockHash": null,
      "blockHeight": 150207,
      "contract": undefined,
      "extra": Object {},
      "fee": "0.00000271066929951",
      "hash": "bafy2bzaceavqrgukpeldsmqvdfm2jjmb5xwi5shlj45l3p7rzs25vh2aien2e",
      "id": "js:2:filecoin:f1qab73gdurhmikxy7isdnqxnsdfexxm2gom47opi:glif-bafy2bzaceavqrgukpeldsmqvdfm2jjmb5xwi5shlj45l3p7rzs25vh2aien2e-OUT",
      "operator": undefined,
      "recipients": Array [
        "f12zr53y4wnovjorr54aljijdghmgutk52oe4523a",
      ],
      "senders": Array [
        "f1qab73gdurhmikxy7isdnqxnsdfexxm2gom47opi",
      ],
      "standard": undefined,
      "tokenId": undefined,
      "type": "OUT",
      "value": "5000000000000000000.00000271066929951",
    },
    Object {
      "accountId": "js:2:filecoin:f1qab73gdurhmikxy7isdnqxnsdfexxm2gom47opi:glif",
      "blockHash": null,
      "blockHeight": 1793607,
      "contract": undefined,
      "extra": Object {},
      "fee": "0",
      "hash": "bafy2bzaceaxj3n7h47oy3atmhpbc7x6o7uhcq7od2xg6yp2q2uu6fx46gzyo6",
      "id": "js:2:filecoin:f1qab73gdurhmikxy7isdnqxnsdfexxm2gom47opi:glif-bafy2bzaceaxj3n7h47oy3atmhpbc7x6o7uhcq7od2xg6yp2q2uu6fx46gzyo6-IN",
      "operator": undefined,
      "recipients": Array [
        "f1qab73gdurhmikxy7isdnqxnsdfexxm2gom47opi",
      ],
      "senders": Array [
        "f1zx43cf6qb6rd5e4okl7lexnjumxe5toqj6vtr3i",
      ],
      "standard": undefined,
      "tokenId": undefined,
      "type": "IN",
      "value": "199789077193156220",
    },
    Object {
      "accountId": "js:2:filecoin:f1qab73gdurhmikxy7isdnqxnsdfexxm2gom47opi:glif",
      "blockHash": null,
      "blockHeight": 144760,
      "contract": undefined,
      "extra": Object {},
      "fee": "0",
      "hash": "bafy2bzacebc22oo7lifbyfmsplrlc3j7aebo3ey4jyr5h3cspns5gxwa6e7nw",
      "id": "js:2:filecoin:f1qab73gdurhmikxy7isdnqxnsdfexxm2gom47opi:glif-bafy2bzacebc22oo7lifbyfmsplrlc3j7aebo3ey4jyr5h3cspns5gxwa6e7nw-IN",
      "operator": undefined,
      "recipients": Array [
        "f1qab73gdurhmikxy7isdnqxnsdfexxm2gom47opi",
      ],
      "senders": Array [
        "f1ojyfm5btrqq63zquewexr4hecynvq6yjyk5xv6q",
      ],
      "standard": undefined,
      "tokenId": undefined,
      "type": "IN",
      "value": "1000000000000000000",
    },
    Object {
      "accountId": "js:2:filecoin:f1qab73gdurhmikxy7isdnqxnsdfexxm2gom47opi:glif",
      "blockHash": null,
      "blockHeight": 130969,
      "contract": undefined,
      "extra": Object {},
      "fee": "0",
      "hash": "bafy2bzacebcfmwztvnpkq27jbfyvpxzmodjh6xqe6p23ylz2mw3qrmzk4op2q",
      "id": "js:2:filecoin:f1qab73gdurhmikxy7isdnqxnsdfexxm2gom47opi:glif-bafy2bzacebcfmwztvnpkq27jbfyvpxzmodjh6xqe6p23ylz2mw3qrmzk4op2q-IN",
      "operator": undefined,
      "recipients": Array [
        "f1qab73gdurhmikxy7isdnqxnsdfexxm2gom47opi",
      ],
      "senders": Array [
        "f1qkpajg7rwfhywt4qxofpyjdvq6voeiqt3sgqtgi",
      ],
      "standard": undefined,
      "tokenId": undefined,
      "type": "IN",
      "value": "100000000000000000",
    },
    Object {
      "accountId": "js:2:filecoin:f1qab73gdurhmikxy7isdnqxnsdfexxm2gom47opi:glif",
      "blockHash": null,
      "blockHeight": 148225,
      "contract": undefined,
      "extra": Object {},
      "fee": "0",
      "hash": "bafy2bzacebuhsjq7h4kxcuotnvyzmntzyfjjod37i4f4jwhvlps7qe2ygk6vk",
      "id": "js:2:filecoin:f1qab73gdurhmikxy7isdnqxnsdfexxm2gom47opi:glif-bafy2bzacebuhsjq7h4kxcuotnvyzmntzyfjjod37i4f4jwhvlps7qe2ygk6vk-IN",
      "operator": undefined,
      "recipients": Array [
        "f1qab73gdurhmikxy7isdnqxnsdfexxm2gom47opi",
      ],
      "senders": Array [
        "f1ojyfm5btrqq63zquewexr4hecynvq6yjyk5xv6q",
      ],
      "standard": undefined,
      "tokenId": undefined,
      "type": "IN",
      "value": "1000000000000000000",
    },
    Object {
      "accountId": "js:2:filecoin:f1qab73gdurhmikxy7isdnqxnsdfexxm2gom47opi:glif",
      "blockHash": null,
      "blockHeight": 148315,
      "contract": undefined,
      "extra": Object {},
      "fee": "0",
      "hash": "bafy2bzacecardg4n5qbl6ojek6cgkivz4kbsqesvdtx42zl5kfezyc26atggm",
      "id": "js:2:filecoin:f1qab73gdurhmikxy7isdnqxnsdfexxm2gom47opi:glif-bafy2bzacecardg4n5qbl6ojek6cgkivz4kbsqesvdtx42zl5kfezyc26atggm-IN",
      "operator": undefined,
      "recipients": Array [
        "f1qab73gdurhmikxy7isdnqxnsdfexxm2gom47opi",
      ],
      "senders": Array [
        "f1ojyfm5btrqq63zquewexr4hecynvq6yjyk5xv6q",
      ],
      "standard": undefined,
      "tokenId": undefined,
      "type": "IN",
      "value": "1000000000000000000",
    },
    Object {
      "accountId": "js:2:filecoin:f1qab73gdurhmikxy7isdnqxnsdfexxm2gom47opi:glif",
      "blockHash": null,
      "blockHeight": 139019,
      "contract": undefined,
      "extra": Object {},
      "fee": "0",
      "hash": "bafy2bzacecqovox3enwnavc7raxgtp7754uenhzh6jlyatxt537svqw4wakbq",
      "id": "js:2:filecoin:f1qab73gdurhmikxy7isdnqxnsdfexxm2gom47opi:glif-bafy2bzacecqovox3enwnavc7raxgtp7754uenhzh6jlyatxt537svqw4wakbq-IN",
      "operator": undefined,
      "recipients": Array [
        "f1qab73gdurhmikxy7isdnqxnsdfexxm2gom47opi",
      ],
      "senders": Array [
        "f1ojyfm5btrqq63zquewexr4hecynvq6yjyk5xv6q",
      ],
      "standard": undefined,
      "tokenId": undefined,
      "type": "IN",
      "value": "1000000000000000000",
    },
    Object {
      "accountId": "js:2:filecoin:f1qab73gdurhmikxy7isdnqxnsdfexxm2gom47opi:glif",
      "blockHash": null,
      "blockHeight": 139019,
      "contract": undefined,
      "extra": Object {},
      "fee": "0",
      "hash": "bafy2bzacecsjtflojf4tlrknuj4bmned2pnu46obmhyqlpl5gzoexoac24roq",
      "id": "js:2:filecoin:f1qab73gdurhmikxy7isdnqxnsdfexxm2gom47opi:glif-bafy2bzacecsjtflojf4tlrknuj4bmned2pnu46obmhyqlpl5gzoexoac24roq-IN",
      "operator": undefined,
      "recipients": Array [
        "f1qab73gdurhmikxy7isdnqxnsdfexxm2gom47opi",
      ],
      "senders": Array [
        "f1ojyfm5btrqq63zquewexr4hecynvq6yjyk5xv6q",
      ],
      "standard": undefined,
      "tokenId": undefined,
      "type": "IN",
      "value": "1000000000000000000",
    },
    Object {
      "accountId": "js:2:filecoin:f1qab73gdurhmikxy7isdnqxnsdfexxm2gom47opi:glif",
      "blockHash": null,
      "blockHeight": 131003,
      "contract": undefined,
      "extra": Object {},
      "fee": "0",
      "hash": "bafy2bzacedjw5rdhubvbfpycmrheiz7y5nfgppiuqcbinwbjn74p4ucq672be",
      "id": "js:2:filecoin:f1qab73gdurhmikxy7isdnqxnsdfexxm2gom47opi:glif-bafy2bzacedjw5rdhubvbfpycmrheiz7y5nfgppiuqcbinwbjn74p4ucq672be-IN",
      "operator": undefined,
      "recipients": Array [
        "f1qab73gdurhmikxy7isdnqxnsdfexxm2gom47opi",
      ],
      "senders": Array [
        "f1qkpajg7rwfhywt4qxofpyjdvq6voeiqt3sgqtgi",
      ],
      "standard": undefined,
      "tokenId": undefined,
      "type": "IN",
      "value": "200000000000000000",
    },
  ],
  Array [
    Object {
      "accountId": "js:2:filecoin:f1zx43cf6qb6rd5e4okl7lexnjumxe5toqj6vtr3i:",
      "blockHash": null,
      "blockHeight": 1793607,
      "contract": undefined,
      "extra": Object {},
      "fee": "0.000133540506025631",
      "hash": "bafy2bzaceaxj3n7h47oy3atmhpbc7x6o7uhcq7od2xg6yp2q2uu6fx46gzyo6",
      "id": "js:2:filecoin:f1zx43cf6qb6rd5e4okl7lexnjumxe5toqj6vtr3i:-bafy2bzaceaxj3n7h47oy3atmhpbc7x6o7uhcq7od2xg6yp2q2uu6fx46gzyo6-OUT",
      "operator": undefined,
      "recipients": Array [
        "f1qab73gdurhmikxy7isdnqxnsdfexxm2gom47opi",
      ],
      "senders": Array [
        "f1zx43cf6qb6rd5e4okl7lexnjumxe5toqj6vtr3i",
      ],
      "standard": undefined,
      "tokenId": undefined,
      "type": "OUT",
      "value": "199789077193156220.000133540506025631",
    },
    Object {
      "accountId": "js:2:filecoin:f1zx43cf6qb6rd5e4okl7lexnjumxe5toqj6vtr3i:",
      "blockHash": null,
      "blockHeight": 1793302,
      "contract": undefined,
      "extra": Object {},
      "fee": "0",
      "hash": "bafy2bzacebt3jwtuwxz3tiuxmfsv43bgojmebjzwxldr2szbkxl2dm3erpdly",
      "id": "js:2:filecoin:f1zx43cf6qb6rd5e4okl7lexnjumxe5toqj6vtr3i:-bafy2bzacebt3jwtuwxz3tiuxmfsv43bgojmebjzwxldr2szbkxl2dm3erpdly-IN",
      "operator": undefined,
      "recipients": Array [
        "f1zx43cf6qb6rd5e4okl7lexnjumxe5toqj6vtr3i",
      ],
      "senders": Array [
        "f1ov6d42tujoyexkbdh34oik2vhe5unqo2a5ocqoq",
      ],
      "standard": undefined,
      "tokenId": undefined,
      "type": "IN",
      "value": "200000000000000000",
    },
  ],
  Array [],
]
`;
